// Vitest Snapshot v1

exports[`should > complex 1`] = `
"<style lang=\\"scss\\" scoped>
.container {

  .title {

  }
  .btn {

  }
}
</style>"
`;

exports[`should > complex 2`] = `
"<style lang=\\"scss\\" scoped>
div.container {

  header.title {

    ul {

    }
  }
  main {

    p {

      button.btn {

      }
    }
  }
}
</style>"
`;
